Component: ARM Compiler 5.06 update 7 (build 960) Tool: armlink [4d3601]

==============================================================================

Section Cross References

    stm32f0xx_it.o(.text) refers to stm32f0xx_it.o(.bss) for queue
    stm32f0xx_it.o(.text) refers to stm32f0xx_it.o(.data) for start_pointer
    startup_stm32f0xx.o(RESET) refers to startup_stm32f0xx.o(STACK) for __initial_sp
    startup_stm32f0xx.o(RESET) refers to startup_stm32f0xx.o(.text) for Reset_Handler
    startup_stm32f0xx.o(RESET) refers to stm32f0xx_it.o(.text) for NMI_Handler
    startup_stm32f0xx.o(.text) refers to system_stm32f0xx.o(.text) for SystemInit
    startup_stm32f0xx.o(.text) refers to entry.o(.ARM.Collect$$$$00000000) for __main
    system_stm32f0xx.o(.text) refers to uidiv.o(.text) for __aeabi_uidivmod
    system_stm32f0xx.o(.text) refers to system_stm32f0xx.o(.data) for SystemCoreClock
    entry.o(.ARM.Collect$$$$00000000) refers (Special) to entry10a.o(.ARM.Collect$$$$0000000F) for __rt_final_cpp
    entry.o(.ARM.Collect$$$$00000000) refers (Special) to entry11a.o(.ARM.Collect$$$$00000011) for __rt_final_exit
    entry.o(.ARM.Collect$$$$00000000) refers (Special) to entry12b.o(.ARM.Collect$$$$0000000E) for __rt_lib_shutdown_fini
    entry.o(.ARM.Collect$$$$00000000) refers (Special) to entry7b.o(.ARM.Collect$$$$00000008) for _main_clock
    entry.o(.ARM.Collect$$$$00000000) refers (Special) to entry8b.o(.ARM.Collect$$$$0000000A) for _main_cpp_init
    entry.o(.ARM.Collect$$$$00000000) refers (Special) to entry9a.o(.ARM.Collect$$$$0000000B) for _main_init
    entry.o(.ARM.Collect$$$$00000000) refers (Special) to entry5.o(.ARM.Collect$$$$00000004) for _main_scatterload
    entry.o(.ARM.Collect$$$$00000000) refers (Special) to entry2.o(.ARM.Collect$$$$00000001) for _main_stk
    entry2.o(.ARM.Collect$$$$00000001) refers to entry2.o(.ARM.Collect$$$$00002712) for __lit__00000000
    entry2.o(.ARM.Collect$$$$00002712) refers to startup_stm32f0xx.o(STACK) for __initial_sp
    entry2.o(__vectab_stack_and_reset_area) refers to startup_stm32f0xx.o(STACK) for __initial_sp
    entry2.o(__vectab_stack_and_reset_area) refers to entry.o(.ARM.Collect$$$$00000000) for __main
    entry5.o(.ARM.Collect$$$$00000004) refers to init.o(.text) for __scatterload
    entry9a.o(.ARM.Collect$$$$0000000B) refers to main.o(.text) for main
    entry9b.o(.ARM.Collect$$$$0000000C) refers to main.o(.text) for main
    init.o(.text) refers to entry5.o(.ARM.Collect$$$$00000004) for __main_after_scatterload


==============================================================================

Removing Unused input sections from the image.

    Removing main.o(.emb_text), (8 bytes).
    Removing stm32f0xx_it.o(.emb_text), (8 bytes).
    Removing startup_stm32f0xx.o(HEAP), (512 bytes).
    Removing system_stm32f0xx.o(.emb_text), (8 bytes).

4 unused section(s) (total 536 bytes) removed from the image.

==============================================================================

Image Symbol Table

    Local Symbols

    Symbol Name                              Value     Ov Type        Size  Object(Section)

    ../clib/microlib/division.c              0x00000000   Number         0  uidiv.o ABSOLUTE
    ../clib/microlib/init/entry.s            0x00000000   Number         0  entry7b.o ABSOLUTE
    ../clib/microlib/init/entry.s            0x00000000   Number         0  entry12a.o ABSOLUTE
    ../clib/microlib/init/entry.s            0x00000000   Number         0  entry10a.o ABSOLUTE
    ../clib/microlib/init/entry.s            0x00000000   Number         0  entry9b.o ABSOLUTE
    ../clib/microlib/init/entry.s            0x00000000   Number         0  entry11b.o ABSOLUTE
    ../clib/microlib/init/entry.s            0x00000000   Number         0  entry11a.o ABSOLUTE
    ../clib/microlib/init/entry.s            0x00000000   Number         0  entry10b.o ABSOLUTE
    ../clib/microlib/init/entry.s            0x00000000   Number         0  entry9a.o ABSOLUTE
    ../clib/microlib/init/entry.s            0x00000000   Number         0  entry5.o ABSOLUTE
    ../clib/microlib/init/entry.s            0x00000000   Number         0  entry2.o ABSOLUTE
    ../clib/microlib/init/entry.s            0x00000000   Number         0  entry8b.o ABSOLUTE
    ../clib/microlib/init/entry.s            0x00000000   Number         0  entry8a.o ABSOLUTE
    ../clib/microlib/init/entry.s            0x00000000   Number         0  entry.o ABSOLUTE
    ../clib/microlib/init/entry.s            0x00000000   Number         0  entry7a.o ABSOLUTE
    ../clib/microlib/init/entry.s            0x00000000   Number         0  entry12b.o ABSOLUTE
    dc.s                                     0x00000000   Number         0  dc.o ABSOLUTE
    handlers.s                               0x00000000   Number         0  handlers.o ABSOLUTE
    init.s                                   0x00000000   Number         0  init.o ABSOLUTE
    src\\main.c                              0x00000000   Number         0  main.o ABSOLUTE
    src\\stm32f0xx_it.c                      0x00000000   Number         0  stm32f0xx_it.o ABSOLUTE
    src\main.c                               0x00000000   Number         0  main.o ABSOLUTE
    src\stm32f0xx_it.c                       0x00000000   Number         0  stm32f0xx_it.o ABSOLUTE
    startup\\system_stm32f0xx.c              0x00000000   Number         0  system_stm32f0xx.o ABSOLUTE
    startup\startup_stm32f0xx.s              0x00000000   Number         0  startup_stm32f0xx.o ABSOLUTE
    startup\system_stm32f0xx.c               0x00000000   Number         0  system_stm32f0xx.o ABSOLUTE
    RESET                                    0x08000000   Section      192  startup_stm32f0xx.o(RESET)
    .ARM.Collect$$$$00000000                 0x080000c0   Section        0  entry.o(.ARM.Collect$$$$00000000)
    .ARM.Collect$$$$00000001                 0x080000c0   Section        4  entry2.o(.ARM.Collect$$$$00000001)
    .ARM.Collect$$$$00000004                 0x080000c4   Section        4  entry5.o(.ARM.Collect$$$$00000004)
    .ARM.Collect$$$$00000008                 0x080000c8   Section        0  entry7b.o(.ARM.Collect$$$$00000008)
    .ARM.Collect$$$$0000000A                 0x080000c8   Section        0  entry8b.o(.ARM.Collect$$$$0000000A)
    .ARM.Collect$$$$0000000B                 0x080000c8   Section        8  entry9a.o(.ARM.Collect$$$$0000000B)
    .ARM.Collect$$$$0000000E                 0x080000d0   Section        4  entry12b.o(.ARM.Collect$$$$0000000E)
    .ARM.Collect$$$$0000000F                 0x080000d4   Section        0  entry10a.o(.ARM.Collect$$$$0000000F)
    .ARM.Collect$$$$00000011                 0x080000d4   Section        0  entry11a.o(.ARM.Collect$$$$00000011)
    .ARM.Collect$$$$00002712                 0x080000d4   Section        4  entry2.o(.ARM.Collect$$$$00002712)
    __lit__00000000                          0x080000d4   Data           4  entry2.o(.ARM.Collect$$$$00002712)
    .text                                    0x080000d8   Section        0  main.o(.text)
    NVIC_SetPriority                         0x0800018f   Thumb Code   110  main.o(.text)
    .text                                    0x08000218   Section        0  stm32f0xx_it.o(.text)
    .text                                    0x08000340   Section       28  startup_stm32f0xx.o(.text)
    .text                                    0x0800035c   Section        0  system_stm32f0xx.o(.text)
    SetSysClock                              0x0800035d   Thumb Code   206  system_stm32f0xx.o(.text)
    .text                                    0x08000554   Section        0  uidiv.o(.text)
    .text                                    0x08000580   Section       36  init.o(.text)
    i.__scatterload_copy                     0x080005a4   Section       14  handlers.o(i.__scatterload_copy)
    i.__scatterload_null                     0x080005b2   Section        2  handlers.o(i.__scatterload_null)
    i.__scatterload_zeroinit                 0x080005b4   Section       14  handlers.o(i.__scatterload_zeroinit)
    .data                                    0x20000000   Section        2  stm32f0xx_it.o(.data)
    .data                                    0x20000004   Section       20  system_stm32f0xx.o(.data)
    .bss                                     0x20000018   Section       10  stm32f0xx_it.o(.bss)
    STACK                                    0x20000028   Section     1024  startup_stm32f0xx.o(STACK)

    Global Symbols

    Symbol Name                              Value     Ov Type        Size  Object(Section)

    BuildAttributes$$THM_ISAv3M$S$PE$A:L22$X:L11$S22$IEEE1$IW$USESV6$~STKCKD$USESV7$~SHL$OSPACE$EBA8$MICROLIB$REQ8$PRES8$EABIv2 0x00000000   Number         0  anon$$obj.o ABSOLUTE
    __ARM_use_no_argv                        0x00000000   Number         0  main.o ABSOLUTE
    __arm_fini_                               - Undefined Weak Reference
    __cpp_initialize__aeabi_                  - Undefined Weak Reference
    __cxa_finalize                            - Undefined Weak Reference
    __decompress                              - Undefined Weak Reference
    _clock_init                               - Undefined Weak Reference
    _microlib_exit                            - Undefined Weak Reference
    __Vectors_Size                           0x000000c0   Number         0  startup_stm32f0xx.o ABSOLUTE
    __Vectors                                0x08000000   Data           4  startup_stm32f0xx.o(RESET)
    __Vectors_End                            0x080000c0   Data           0  startup_stm32f0xx.o(RESET)
    __main                                   0x080000c1   Thumb Code     0  entry.o(.ARM.Collect$$$$00000000)
    _main_stk                                0x080000c1   Thumb Code     0  entry2.o(.ARM.Collect$$$$00000001)
    _main_scatterload                        0x080000c5   Thumb Code     0  entry5.o(.ARM.Collect$$$$00000004)
    __main_after_scatterload                 0x080000c9   Thumb Code     0  entry5.o(.ARM.Collect$$$$00000004)
    _main_clock                              0x080000c9   Thumb Code     0  entry7b.o(.ARM.Collect$$$$00000008)
    _main_cpp_init                           0x080000c9   Thumb Code     0  entry8b.o(.ARM.Collect$$$$0000000A)
    _main_init                               0x080000c9   Thumb Code     0  entry9a.o(.ARM.Collect$$$$0000000B)
    __rt_lib_shutdown_fini                   0x080000d1   Thumb Code     0  entry12b.o(.ARM.Collect$$$$0000000E)
    __rt_final_cpp                           0x080000d5   Thumb Code     0  entry10a.o(.ARM.Collect$$$$0000000F)
    __rt_final_exit                          0x080000d5   Thumb Code     0  entry11a.o(.ARM.Collect$$$$00000011)
    USART_init                               0x080000d9   Thumb Code   126  main.o(.text)
    USART_putc                               0x08000157   Thumb Code    22  main.o(.text)
    main                                     0x0800016d   Thumb Code    34  main.o(.text)
    led_matrix_init                          0x08000219   Thumb Code    28  stm32f0xx_it.o(.text)
    led_get_new_position                     0x08000235   Thumb Code    16  stm32f0xx_it.o(.text)
    power_of                                 0x08000245   Thumb Code    22  stm32f0xx_it.o(.text)
    set_matrix                               0x0800025b   Thumb Code    42  stm32f0xx_it.o(.text)
    queue_init                               0x08000285   Thumb Code     8  stm32f0xx_it.o(.text)
    queue_get_new_position                   0x0800028d   Thumb Code    16  stm32f0xx_it.o(.text)
    queue_push                               0x0800029d   Thumb Code    40  stm32f0xx_it.o(.text)
    queue_get_length                         0x080002c5   Thumb Code     4  stm32f0xx_it.o(.text)
    queue_pop                                0x080002c9   Thumb Code    50  stm32f0xx_it.o(.text)
    USART1_IRQHandler                        0x080002fb   Thumb Code    28  stm32f0xx_it.o(.text)
    NMI_Handler                              0x08000317   Thumb Code     2  stm32f0xx_it.o(.text)
    HardFault_Handler                        0x08000319   Thumb Code     4  stm32f0xx_it.o(.text)
    SVC_Handler                              0x0800031d   Thumb Code     2  stm32f0xx_it.o(.text)
    PendSV_Handler                           0x0800031f   Thumb Code     2  stm32f0xx_it.o(.text)
    SysTick_Handler                          0x08000321   Thumb Code     2  stm32f0xx_it.o(.text)
    Reset_Handler                            0x08000341   Thumb Code     8  startup_stm32f0xx.o(.text)
    ADC1_COMP_IRQHandler                     0x08000353   Thumb Code     0  startup_stm32f0xx.o(.text)
    CEC_IRQHandler                           0x08000353   Thumb Code     0  startup_stm32f0xx.o(.text)
    DMA1_Channel1_IRQHandler                 0x08000353   Thumb Code     0  startup_stm32f0xx.o(.text)
    DMA1_Channel2_3_IRQHandler               0x08000353   Thumb Code     0  startup_stm32f0xx.o(.text)
    DMA1_Channel4_5_IRQHandler               0x08000353   Thumb Code     0  startup_stm32f0xx.o(.text)
    EXTI0_1_IRQHandler                       0x08000353   Thumb Code     0  startup_stm32f0xx.o(.text)
    EXTI2_3_IRQHandler                       0x08000353   Thumb Code     0  startup_stm32f0xx.o(.text)
    EXTI4_15_IRQHandler                      0x08000353   Thumb Code     0  startup_stm32f0xx.o(.text)
    FLASH_IRQHandler                         0x08000353   Thumb Code     0  startup_stm32f0xx.o(.text)
    I2C1_IRQHandler                          0x08000353   Thumb Code     0  startup_stm32f0xx.o(.text)
    I2C2_IRQHandler                          0x08000353   Thumb Code     0  startup_stm32f0xx.o(.text)
    PVD_IRQHandler                           0x08000353   Thumb Code     0  startup_stm32f0xx.o(.text)
    RCC_IRQHandler                           0x08000353   Thumb Code     0  startup_stm32f0xx.o(.text)
    RTC_IRQHandler                           0x08000353   Thumb Code     0  startup_stm32f0xx.o(.text)
    SPI1_IRQHandler                          0x08000353   Thumb Code     0  startup_stm32f0xx.o(.text)
    SPI2_IRQHandler                          0x08000353   Thumb Code     0  startup_stm32f0xx.o(.text)
    TIM14_IRQHandler                         0x08000353   Thumb Code     0  startup_stm32f0xx.o(.text)
    TIM15_IRQHandler                         0x08000353   Thumb Code     0  startup_stm32f0xx.o(.text)
    TIM16_IRQHandler                         0x08000353   Thumb Code     0  startup_stm32f0xx.o(.text)
    TIM17_IRQHandler                         0x08000353   Thumb Code     0  startup_stm32f0xx.o(.text)
    TIM1_BRK_UP_TRG_COM_IRQHandler           0x08000353   Thumb Code     0  startup_stm32f0xx.o(.text)
    TIM1_CC_IRQHandler                       0x08000353   Thumb Code     0  startup_stm32f0xx.o(.text)
    TIM2_IRQHandler                          0x08000353   Thumb Code     0  startup_stm32f0xx.o(.text)
    TIM3_IRQHandler                          0x08000353   Thumb Code     0  startup_stm32f0xx.o(.text)
    TIM6_DAC_IRQHandler                      0x08000353   Thumb Code     0  startup_stm32f0xx.o(.text)
    TS_IRQHandler                            0x08000353   Thumb Code     0  startup_stm32f0xx.o(.text)
    USART2_IRQHandler                        0x08000353   Thumb Code     0  startup_stm32f0xx.o(.text)
    WWDG_IRQHandler                          0x08000353   Thumb Code     0  startup_stm32f0xx.o(.text)
    SystemInit                               0x0800042b   Thumb Code   110  system_stm32f0xx.o(.text)
    SystemCoreClockUpdate                    0x08000499   Thumb Code   154  system_stm32f0xx.o(.text)
    __aeabi_uidiv                            0x08000555   Thumb Code     0  uidiv.o(.text)
    __aeabi_uidivmod                         0x08000555   Thumb Code    44  uidiv.o(.text)
    __scatterload                            0x08000581   Thumb Code    28  init.o(.text)
    __scatterload_rt2                        0x08000581   Thumb Code     0  init.o(.text)
    __scatterload_copy                       0x080005a5   Thumb Code    14  handlers.o(i.__scatterload_copy)
    __scatterload_null                       0x080005b3   Thumb Code     2  handlers.o(i.__scatterload_null)
    __scatterload_zeroinit                   0x080005b5   Thumb Code    14  handlers.o(i.__scatterload_zeroinit)
    Region$$Table$$Base                      0x080005c4   Number         0  anon$$obj.o(Region$$Table)
    Region$$Table$$Limit                     0x080005e4   Number         0  anon$$obj.o(Region$$Table)
    start_pointer                            0x20000000   Data           1  stm32f0xx_it.o(.data)
    end_pointer                              0x20000001   Data           1  stm32f0xx_it.o(.data)
    SystemCoreClock                          0x20000004   Data           4  system_stm32f0xx.o(.data)
    AHBPrescTable                            0x20000008   Data          16  system_stm32f0xx.o(.data)
    queue                                    0x20000018   Data          10  stm32f0xx_it.o(.bss)
    __initial_sp                             0x20000428   Data           0  startup_stm32f0xx.o(STACK)



==============================================================================

Memory Map of the image

  Image Entry point : 0x080000c1

  Load Region LR_IROM1 (Base: 0x08000000, Size: 0x000005fc, Max: 0x00010000, ABSOLUTE)

    Execution Region ER_IROM1 (Exec base: 0x08000000, Load base: 0x08000000, Size: 0x000005e4, Max: 0x00010000, ABSOLUTE)

    Exec Addr    Load Addr    Size         Type   Attr      Idx    E Section Name        Object

    0x08000000   0x08000000   0x000000c0   Data   RO           79    RESET               startup_stm32f0xx.o
    0x080000c0   0x080000c0   0x00000000   Code   RO          106  * .ARM.Collect$$$$00000000  mc_p.l(entry.o)
    0x080000c0   0x080000c0   0x00000004   Code   RO          111    .ARM.Collect$$$$00000001  mc_p.l(entry2.o)
    0x080000c4   0x080000c4   0x00000004   Code   RO          114    .ARM.Collect$$$$00000004  mc_p.l(entry5.o)
    0x080000c8   0x080000c8   0x00000000   Code   RO          116    .ARM.Collect$$$$00000008  mc_p.l(entry7b.o)
    0x080000c8   0x080000c8   0x00000000   Code   RO          118    .ARM.Collect$$$$0000000A  mc_p.l(entry8b.o)
    0x080000c8   0x080000c8   0x00000008   Code   RO          119    .ARM.Collect$$$$0000000B  mc_p.l(entry9a.o)
    0x080000d0   0x080000d0   0x00000004   Code   RO          126    .ARM.Collect$$$$0000000E  mc_p.l(entry12b.o)
    0x080000d4   0x080000d4   0x00000000   Code   RO          121    .ARM.Collect$$$$0000000F  mc_p.l(entry10a.o)
    0x080000d4   0x080000d4   0x00000000   Code   RO          123    .ARM.Collect$$$$00000011  mc_p.l(entry11a.o)
    0x080000d4   0x080000d4   0x00000004   Code   RO          112    .ARM.Collect$$$$00002712  mc_p.l(entry2.o)
    0x080000d8   0x080000d8   0x00000140   Code   RO            2    .text               main.o
    0x08000218   0x08000218   0x00000128   Code   RO           43    .text               stm32f0xx_it.o
    0x08000340   0x08000340   0x0000001c   Code   RO           80    .text               startup_stm32f0xx.o
    0x0800035c   0x0800035c   0x000001f8   Code   RO           85    .text               system_stm32f0xx.o
    0x08000554   0x08000554   0x0000002c   Code   RO          109    .text               mc_p.l(uidiv.o)
    0x08000580   0x08000580   0x00000024   Code   RO          127    .text               mc_p.l(init.o)
    0x080005a4   0x080005a4   0x0000000e   Code   RO          131    i.__scatterload_copy  mc_p.l(handlers.o)
    0x080005b2   0x080005b2   0x00000002   Code   RO          132    i.__scatterload_null  mc_p.l(handlers.o)
    0x080005b4   0x080005b4   0x0000000e   Code   RO          133    i.__scatterload_zeroinit  mc_p.l(handlers.o)
    0x080005c2   0x080005c2   0x00000002   PAD
    0x080005c4   0x080005c4   0x00000020   Data   RO          129    Region$$Table       anon$$obj.o


    Execution Region RW_IRAM1 (Exec base: 0x20000000, Load base: 0x080005e4, Size: 0x00000428, Max: 0x00002000, ABSOLUTE)

    Exec Addr    Load Addr    Size         Type   Attr      Idx    E Section Name        Object

    0x20000000   0x080005e4   0x00000002   Data   RW           45    .data               stm32f0xx_it.o
    0x20000002   0x080005e6   0x00000002   PAD
    0x20000004   0x080005e8   0x00000014   Data   RW           86    .data               system_stm32f0xx.o
    0x20000018        -       0x0000000a   Zero   RW           44    .bss                stm32f0xx_it.o
    0x20000022   0x080005fc   0x00000006   PAD
    0x20000028        -       0x00000400   Zero   RW           77    STACK               startup_stm32f0xx.o


==============================================================================

Image component sizes


      Code (inc. data)   RO Data    RW Data    ZI Data      Debug   Object Name

       320         28          0          0          0      94717   main.o
        28          8        192          0       1024        616   startup_stm32f0xx.o
       296         30          0          2         10       3460   stm32f0xx_it.o
       504         34          0         20          0       1631   system_stm32f0xx.o

    ----------------------------------------------------------------------
      1148        100        224         24       1040     100424   Object Totals
         0          0         32          0          0          0   (incl. Generated)
         0          0          0          2          6          0   (incl. Padding)

    ----------------------------------------------------------------------

      Code (inc. data)   RO Data    RW Data    ZI Data      Debug   Library Member Name

         0          0          0          0          0          0   entry.o
         0          0          0          0          0          0   entry10a.o
         0          0          0          0          0          0   entry11a.o
         4          0          0          0          0          0   entry12b.o
         8          4          0          0          0          0   entry2.o
         4          0          0          0          0          0   entry5.o
         0          0          0          0          0          0   entry7b.o
         0          0          0          0          0          0   entry8b.o
         8          4          0          0          0          0   entry9a.o
        30          0          0          0          0          0   handlers.o
        36          8          0          0          0         68   init.o
        44          0          0          0          0         72   uidiv.o

    ----------------------------------------------------------------------
       136         16          0          0          0        140   Library Totals
         2          0          0          0          0          0   (incl. Padding)

    ----------------------------------------------------------------------

      Code (inc. data)   RO Data    RW Data    ZI Data      Debug   Library Name

       134         16          0          0          0        140   mc_p.l

    ----------------------------------------------------------------------
       136         16          0          0          0        140   Library Totals

    ----------------------------------------------------------------------

==============================================================================


      Code (inc. data)   RO Data    RW Data    ZI Data      Debug   

      1284        116        224         24       1040     100628   Grand Totals
      1284        116        224         24       1040     100628   ELF Image Totals
      1284        116        224         24          0          0   ROM Totals

==============================================================================

    Total RO  Size (Code + RO Data)                 1508 (   1.47kB)
    Total RW  Size (RW Data + ZI Data)              1064 (   1.04kB)
    Total ROM Size (Code + RO Data + RW Data)       1532 (   1.50kB)

==============================================================================

